INFO 2025-09-30 14:18:21,386 autoreload 26984 140107338377024 Watching for file changes with StatReloader
INFO 2025-09-30 14:27:00,358 autoreload 27753 140570980702016 Watching for file changes with StatReloader
INFO 2025-09-30 14:27:13,245 basehttp 27753 140570811315968 "GET /catalogo/gestion/ HTTP/1.1" 200 44049
INFO 2025-09-30 14:27:13,845 basehttp 27753 140570811315968 "GET /static/img/Favicon.ico HTTP/1.1" 200 1414
INFO 2025-09-30 14:27:16,562 basehttp 27753 140570811315968 "GET /catalogo/productos_almacen/inventario HTTP/1.1" 200 99162
INFO 2025-09-30 14:40:42,074 basehttp 27753 140570800826112 "GET /catalogo/productos_almacen/inventario HTTP/1.1" 200 97195
INFO 2025-09-30 15:11:34,944 autoreload 27753 140570980702016 /media/ycoca/686BEC6D594A5571/00-Trabajo/00-Cobosi/00-Desarrollo/00-Proyectos/00-TiendaMUHIA/templates/catalog/actualiza_inventario.html changed, reloading.
INFO 2025-09-30 15:12:10,066 autoreload 30917 140266998871872 Watching for file changes with StatReloader
INFO 2025-09-30 15:12:44,202 basehttp 30917 140266829473536 "GET /catalogo/productos_almacen/inventario HTTP/1.1" 200 99153
INFO 2025-09-30 15:13:28,599 basehttp 30917 140266829473536 "POST /catalogo/productos_almacen/actualizar/15/count/ HTTP/1.1" 200 46
INFO 2025-09-30 15:13:35,855 basehttp 30917 140266829473536 "POST /catalogo/productos_almacen/actualizar/9/count/ HTTP/1.1" 200 46
INFO 2025-09-30 15:13:52,969 basehttp 30917 140266829473536 "GET /catalogo/productos_almacen/inventario?product_texto=Acondicionador&store=&productos=Productos HTTP/1.1" 200 56723
INFO 2025-09-30 15:14:25,046 basehttp 30917 140266829473536 "GET /catalogo/productos_almacen/inventario?product_texto=Acondicionador&store=&productos=Productos HTTP/1.1" 200 56723
INFO 2025-09-30 15:14:33,563 basehttp 30917 140266829473536 "GET /catalogo/productos_almacen/inventario?product_texto=&store=&productos=Productos HTTP/1.1" 200 93102
INFO 2025-09-30 15:14:48,274 basehttp 30917 140266829473536 "GET /catalogo/productos_almacen/inventario?product_texto=&store=&materias=Materias+primas HTTP/1.1" 200 59733
INFO 2025-09-30 15:16:10,321 autoreload 30917 140266998871872 /media/ycoca/686BEC6D594A5571/00-Trabajo/00-Cobosi/00-Desarrollo/00-Proyectos/00-TiendaMUHIA/templates/catalog/actualiza_inventario.html changed, reloading.
INFO 2025-09-30 15:16:24,498 autoreload 31510 139660288956224 Watching for file changes with StatReloader
INFO 2025-09-30 15:16:36,858 basehttp 31510 139660120291072 "GET /catalogo/productos_almacen/inventario?product_texto=&store=&materias=Materias+primas HTTP/1.1" 200 59742
INFO 2025-09-30 15:16:53,272 basehttp 31510 139660120291072 "GET /catalogo/productos_almacen/inventario?product_texto= HTTP/1.1" 200 99162
INFO 2025-09-30 15:17:27,247 autoreload 31510 139660288956224 /media/ycoca/686BEC6D594A5571/00-Trabajo/00-Cobosi/00-Desarrollo/00-Proyectos/00-TiendaMUHIA/templates/catalog/actualiza_inventario.html changed, reloading.
INFO 2025-09-30 15:17:29,053 autoreload 31707 139755234699072 Watching for file changes with StatReloader
INFO 2025-09-30 15:17:34,989 basehttp 31707 139755066054400 "GET /catalogo/productos_almacen/inventario?product_texto= HTTP/1.1" 200 99153
INFO 2025-09-30 15:18:40,946 basehttp 31707 139755066054400 "GET /catalogo/productos_almacen/inventario?product_texto= HTTP/1.1" 200 99153
INFO 2025-09-30 15:19:42,180 autoreload 31707 139755234699072 /media/ycoca/686BEC6D594A5571/00-Trabajo/00-Cobosi/00-Desarrollo/00-Proyectos/00-TiendaMUHIA/catalog/forms.py changed, reloading.
INFO 2025-09-30 15:19:44,428 autoreload 31965 140185461073728 Watching for file changes with StatReloader
INFO 2025-09-30 15:19:48,719 basehttp 31965 140185292994304 "GET /catalogo/productos_almacen/inventario?product_texto= HTTP/1.1" 200 99153
INFO 2025-09-30 15:19:58,741 basehttp 31965 140185281980160 "GET /catalogo/productos_almacen/inventario?product_texto= HTTP/1.1" 200 97186
INFO 2025-09-30 15:20:49,593 basehttp 31965 140185292994304 "GET /catalogo/productos_almacen/inventario?product_texto=&store=&productos=Productos HTTP/1.1" 200 93102
INFO 2025-09-30 15:20:57,672 basehttp 31965 140185292994304 "GET /catalogo/productos_almacen/inventario?product_texto=&store=&materias=Materias+primas HTTP/1.1" 200 59733
INFO 2025-09-30 15:21:06,353 basehttp 31965 140185292994304 "GET /catalogo/productos_almacen/inventario?product_texto=Gel&store=&productos=Productos HTTP/1.1" 200 59740
INFO 2025-09-30 15:21:15,394 basehttp 31965 140185292994304 "GET /catalogo/productos_almacen/inventario?product_texto=&store= HTTP/1.1" 200 99161
INFO 2025-09-30 15:37:12,874 autoreload 31965 140185461073728 /media/ycoca/686BEC6D594A5571/00-Trabajo/00-Cobosi/00-Desarrollo/00-Proyectos/00-TiendaMUHIA/templates/catalog/actualiza_inventario.html changed, reloading.
INFO 2025-09-30 15:37:26,607 autoreload 33371 140328336025408 Watching for file changes with StatReloader
INFO 2025-09-30 15:37:47,390 basehttp 33371 140328166577920 "GET / HTTP/1.1" 200 66211
INFO 2025-09-30 15:37:50,145 basehttp 33371 140328148076288 "GET /media/Offers/TodosProductos.webp HTTP/1.1" 200 45040
INFO 2025-09-30 15:37:50,154 basehttp 33371 140327906170624 "GET /media/Offers/Categorizacion2_O6I2UmW.webp HTTP/1.1" 200 43160
INFO 2025-09-30 15:37:54,647 basehttp 33371 140327906170624 "GET /catalogo/gestion/ HTTP/1.1" 200 44049
INFO 2025-09-30 15:37:56,667 basehttp 33371 140327906170624 "GET /catalogo/productos_almacen/inventario HTTP/1.1" 200 99162
INFO 2025-09-30 15:38:54,266 autoreload 33371 140328336025408 /media/ycoca/686BEC6D594A5571/00-Trabajo/00-Cobosi/00-Desarrollo/00-Proyectos/00-TiendaMUHIA/templates/catalog/actualiza_inventario.html changed, reloading.
INFO 2025-09-30 15:38:55,841 autoreload 33633 139963911055168 Watching for file changes with StatReloader
INFO 2025-09-30 15:39:01,921 basehttp 33633 139963742172928 "GET /catalogo/productos_almacen/inventario HTTP/1.1" 200 99162
INFO 2025-09-30 15:39:25,622 basehttp 33633 139963742172928 "GET /catalogo/productos_almacen/inventario?product_texto=&store=3 HTTP/1.1" 200 80966
INFO 2025-10-01 10:06:47,419 autoreload 3328 139743085070144 Watching for file changes with StatReloader
INFO 2025-10-01 10:14:58,305 basehttp 3328 139742915680000 "GET / HTTP/1.1" 200 66211
INFO 2025-10-01 10:14:58,946 basehttp 3328 139742888785664 "GET /media/Productos/Acond240ml.webp HTTP/1.1" 200 22936
INFO 2025-10-01 10:14:59,546 basehttp 3328 139742897178368 "GET /media/Productos/Aroma1L.webp HTTP/1.1" 200 29670
INFO 2025-10-01 10:14:59,547 basehttp 3328 139742880130816 "GET /media/Offers/Categorizacion2_O6I2UmW.webp HTTP/1.1" 200 43160
INFO 2025-10-01 10:14:59,550 basehttp 3328 139742515549952 "GET /media/Banners/Principal2_XVD8K4r.webp HTTP/1.1" 304 0
INFO 2025-10-01 10:14:59,551 basehttp 3328 139742905571072 "GET /media/Productos/AutoEscudo240ml.webp HTTP/1.1" 200 29034
INFO 2025-10-01 10:15:00,134 basehttp 3328 139742523942656 "GET /media/Offers/TodosProductos.webp HTTP/1.1" 200 45040
INFO 2025-10-01 10:15:04,978 basehttp 3328 139742880130816 "GET /accounts/users_list/ HTTP/1.1" 200 52099
INFO 2025-10-01 10:16:51,994 basehttp 3328 139742880130816 "GET /accounts/profile/ HTTP/1.1" 200 49810
INFO 2025-10-01 10:16:58,319 basehttp 3328 139742880130816 "GET /accounts/wallet/ HTTP/1.1" 200 57638
INFO 2025-10-01 10:22:15,951 autoreload 3328 139743085070144 /media/ycoca/686BEC6D594A5571/00-Trabajo/00-Cobosi/00-Desarrollo/00-Proyectos/00-TiendaMUHIA/templates/wallet changed, reloading.
INFO 2025-10-01 10:22:20,517 autoreload 5308 139886180579136 Watching for file changes with StatReloader
INFO 2025-10-01 10:29:01,486 autoreload 5308 139886180579136 /media/ycoca/686BEC6D594A5571/00-Trabajo/00-Cobosi/00-Desarrollo/00-Proyectos/00-TiendaMUHIA/ccheckout/signals.py changed, reloading.
INFO 2025-10-01 10:29:03,795 autoreload 5630 139981781706560 Watching for file changes with StatReloader
INFO 2025-10-01 10:32:42,612 autoreload 5630 139981781706560 /media/ycoca/686BEC6D594A5571/00-Trabajo/00-Cobosi/00-Desarrollo/00-Proyectos/00-TiendaMUHIA/tienda/urls.py changed, reloading.
INFO 2025-10-01 10:32:44,508 autoreload 5829 140625854682944 Watching for file changes with StatReloader
INFO 2025-10-01 10:34:26,272 autoreload 5829 140625854682944 /media/ycoca/686BEC6D594A5571/00-Trabajo/00-Cobosi/00-Desarrollo/00-Proyectos/00-TiendaMUHIA/templates/base.html changed, reloading.
INFO 2025-10-01 10:34:29,915 autoreload 6120 139918958933824 Watching for file changes with StatReloader
INFO 2025-10-01 10:53:05,037 basehttp 6120 139918789482240 "GET / HTTP/1.1" 200 66365
INFO 2025-10-01 10:53:05,820 basehttp 6120 139918779516672 "GET /static/img/Favicon.ico HTTP/1.1" 200 1414
INFO 2025-10-01 10:53:10,800 basehttp 6120 139918779516672 "GET /wallet/transactions/ HTTP/1.1" 200 87568
INFO 2025-10-01 11:01:48,232 autoreload 6120 139918958933824 /media/ycoca/686BEC6D594A5571/00-Trabajo/00-Cobosi/00-Desarrollo/00-Proyectos/00-TiendaMUHIA/templates/wallet/transactions.html changed, reloading.
INFO 2025-10-01 11:02:01,741 autoreload 7600 140400249415488 Watching for file changes with StatReloader
INFO 2025-10-01 11:02:14,640 basehttp 7600 140400080770816 "GET /wallet/transactions/ HTTP/1.1" 200 76827
INFO 2025-10-01 11:02:38,534 autoreload 7600 140400249415488 /media/ycoca/686BEC6D594A5571/00-Trabajo/00-Cobosi/00-Desarrollo/00-Proyectos/00-TiendaMUHIA/templates/wallet/transactions.html changed, reloading.
INFO 2025-10-01 11:02:40,395 autoreload 7751 139757224757056 Watching for file changes with StatReloader
INFO 2025-10-01 11:02:48,319 basehttp 7751 139757055891200 "GET /wallet/transactions/ HTTP/1.1" 200 75087
INFO 2025-10-01 11:04:19,781 basehttp 7751 139757055891200 "GET /wallet/transactions/ HTTP/1.1" 200 75087
INFO 2025-10-01 11:04:57,974 basehttp 7751 139757055891200 "GET /accounts/users_list/ HTTP/1.1" 200 52253
INFO 2025-10-01 11:04:58,452 basehttp 7751 139757043828480 "GET /media/profiles/pensativo.jpg HTTP/1.1" 200 3239
INFO 2025-10-01 11:04:58,532 basehttp 7751 139756960741120 "GET /media/profiles/Coca_BqwaFWK.jpg HTTP/1.1" 200 22210
INFO 2025-10-01 11:09:55,041 autoreload 7751 139757224757056 /media/ycoca/686BEC6D594A5571/00-Trabajo/00-Cobosi/00-Desarrollo/00-Proyectos/00-TiendaMUHIA/registration/views.py changed, reloading.
INFO 2025-10-01 11:09:56,484 autoreload 8281 140449626638144 Watching for file changes with StatReloader
INFO 2025-10-01 11:10:04,951 basehttp 8281 140449457108736 "GET /accounts/profile/editar/27 HTTP/1.1" 200 45323
INFO 2025-10-01 11:10:13,132 basehttp 8281 140449457108736 "GET /accounts/users_list/ HTTP/1.1" 200 52253
INFO 2025-10-01 11:10:15,736 basehttp 8281 140449457108736 "GET /accounts/profile/editar/16 HTTP/1.1" 200 45543
INFO 2025-10-01 11:10:39,374 autoreload 8281 140449626638144 /media/ycoca/686BEC6D594A5571/00-Trabajo/00-Cobosi/00-Desarrollo/00-Proyectos/00-TiendaMUHIA/registration/views.py changed, reloading.
INFO 2025-10-01 11:10:41,205 autoreload 8451 140483221829440 Watching for file changes with StatReloader
INFO 2025-10-01 11:10:50,893 basehttp 8451 140483043985152 "GET /accounts/profile/editar/16 HTTP/1.1" 200 45222
INFO 2025-10-01 11:10:54,596 basehttp 8451 140483043985152 "GET /accounts/users_list/ HTTP/1.1" 200 50931
INFO 2025-10-01 11:11:21,410 basehttp 8451 140483043985152 "GET /wallet/transactions/ HTTP/1.1" 200 75087
INFO 2025-10-01 11:12:51,148 autoreload 8451 140483221829440 /media/ycoca/686BEC6D594A5571/00-Trabajo/00-Cobosi/00-Desarrollo/00-Proyectos/00-TiendaMUHIA/templates/wallet/transactions.html changed, reloading.
INFO 2025-10-01 11:12:52,571 autoreload 8665 139935425435456 Watching for file changes with StatReloader
INFO 2025-10-01 11:12:56,901 basehttp 8665 139935257286400 "GET /wallet/transactions/ HTTP/1.1" 200 89181
INFO 2025-10-01 11:15:06,374 autoreload 8665 139935425435456 /media/ycoca/686BEC6D594A5571/00-Trabajo/00-Cobosi/00-Desarrollo/00-Proyectos/00-TiendaMUHIA/templates/wallet/transactions.html changed, reloading.
INFO 2025-10-01 11:15:07,806 autoreload 8821 139688817686336 Watching for file changes with StatReloader
INFO 2025-10-01 11:15:12,748 basehttp 8821 139688643917568 "GET /wallet/transactions/ HTTP/1.1" 200 100406
INFO 2025-10-01 11:16:39,906 autoreload 8821 139688817686336 /media/ycoca/686BEC6D594A5571/00-Trabajo/00-Cobosi/00-Desarrollo/00-Proyectos/00-TiendaMUHIA/templates/wallet/transactions.html changed, reloading.
INFO 2025-10-01 11:16:41,582 autoreload 8958 140623495976768 Watching for file changes with StatReloader
INFO 2025-10-01 11:16:52,401 basehttp 8958 140623327045376 "GET /catalogo/gestion/ HTTP/1.1" 200 44203
INFO 2025-10-01 11:16:54,576 basehttp 8958 140623327045376 "GET /catalogo/productos_almacen/inventario HTTP/1.1" 200 99316
INFO 2025-10-01 11:17:05,202 basehttp 8958 140623327045376 "GET /catalogo/productos_almacen/inventario?product_texto=&store=2 HTTP/1.1" 200 54016
INFO 2025-10-01 11:17:10,128 basehttp 8958 140623327045376 "GET /catalogo/productos_almacen/inventario?product_texto=&store=1 HTTP/1.1" 200 72040
INFO 2025-10-01 11:17:30,150 basehttp 8958 140623327045376 "GET /accounts/profile/ HTTP/1.1" 200 49964
INFO 2025-10-01 11:20:16,170 autoreload 8958 140623495976768 /media/ycoca/686BEC6D594A5571/00-Trabajo/00-Cobosi/00-Desarrollo/00-Proyectos/00-TiendaMUHIA/templates/registration/profile_form.html changed, reloading.
INFO 2025-10-01 11:20:17,971 autoreload 9277 139651251124032 Watching for file changes with StatReloader
INFO 2025-10-01 11:20:21,270 basehttp 9277 139651083286272 "GET /accounts/profile/ HTTP/1.1" 200 50020
INFO 2025-10-01 11:22:08,333 autoreload 9277 139651251124032 /media/ycoca/686BEC6D594A5571/00-Trabajo/00-Cobosi/00-Desarrollo/00-Proyectos/00-TiendaMUHIA/templates/registration/profile_form.html changed, reloading.
INFO 2025-10-01 11:22:09,738 autoreload 9426 140206161209152 Watching for file changes with StatReloader
INFO 2025-10-01 11:22:13,377 basehttp 9426 140205986150144 "GET /accounts/profile/ HTTP/1.1" 200 50055
INFO 2025-10-01 11:23:28,323 autoreload 9426 140206161209152 /media/ycoca/686BEC6D594A5571/00-Trabajo/00-Cobosi/00-Desarrollo/00-Proyectos/00-TiendaMUHIA/templates/registration/profile_form.html changed, reloading.
INFO 2025-10-01 11:23:29,786 autoreload 9568 140520274769728 Watching for file changes with StatReloader
INFO 2025-10-01 11:23:33,063 basehttp 9568 140520106841856 "GET /accounts/profile/ HTTP/1.1" 200 50066
INFO 2025-10-01 11:24:42,450 basehttp 9568 140520106841856 "GET /accounts/wallet/ HTTP/1.1" 200 57792
INFO 2025-10-01 11:24:47,715 basehttp 9568 140520106841856 "GET /accounts/profile/ HTTP/1.1" 200 50066
INFO 2025-10-01 11:28:25,995 autoreload 9568 140520274769728 /media/ycoca/686BEC6D594A5571/00-Trabajo/00-Cobosi/00-Desarrollo/00-Proyectos/00-TiendaMUHIA/templates/registration/profile_form.html changed, reloading.
INFO 2025-10-01 11:28:27,391 autoreload 9856 140415858042688 Watching for file changes with StatReloader
INFO 2025-10-01 11:28:30,678 basehttp 9856 140415690168064 "GET /accounts/profile/ HTTP/1.1" 200 50124
INFO 2025-10-01 11:28:58,423 autoreload 9856 140415858042688 /media/ycoca/686BEC6D594A5571/00-Trabajo/00-Cobosi/00-Desarrollo/00-Proyectos/00-TiendaMUHIA/templates/registration/profile_form.html changed, reloading.
INFO 2025-10-01 11:29:00,125 autoreload 9927 140430619338560 Watching for file changes with StatReloader
INFO 2025-10-01 11:29:03,410 basehttp 9927 140430451496704 "GET /accounts/profile/ HTTP/1.1" 200 50139
INFO 2025-10-01 11:29:08,383 basehttp 9927 140430451496704 "GET /notification/mis-incentivos/ HTTP/1.1" 200 47133
INFO 2025-10-01 11:29:47,515 basehttp 9927 140430451496704 "GET /admin/ HTTP/1.1" 200 15984
INFO 2025-10-01 11:29:47,961 basehttp 9927 140430045861632 "GET /static/admin/img/icon-deletelink.svg HTTP/1.1" 200 392
INFO 2025-10-01 11:29:48,019 basehttp 9927 140430054254336 "GET /static/admin/img/icon-changelink.svg HTTP/1.1" 200 380
INFO 2025-10-01 11:29:48,028 basehttp 9927 140430062647040 "GET /static/admin/img/icon-addlink.svg HTTP/1.1" 200 331
WARNING 2025-10-01 11:29:48,448 log 9927 140430045861632 Not Found: /favicon.ico
INFO 2025-10-01 11:29:54,495 basehttp 9927 140430054254336 "GET /admin/notification/incentivo/ HTTP/1.1" 200 17454
INFO 2025-10-01 11:29:54,725 basehttp 9927 140430054254336 "GET /static/admin/img/search.svg HTTP/1.1" 200 458
INFO 2025-10-01 11:29:54,729 basehttp 9927 140430029076224 "GET /static/admin/js/jquery.init.js HTTP/1.1" 200 347
INFO 2025-10-01 11:29:54,829 basehttp 9927 140430020683520 "GET /admin/jsi18n/ HTTP/1.1" 200 7711
INFO 2025-10-01 11:29:54,882 basehttp 9927 140430054254336 "GET /static/admin/css/widgets.css HTTP/1.1" 200 11097
INFO 2025-10-01 11:29:55,114 basehttp 9927 140430020683520 "GET /static/admin/img/sorting-icons.svg HTTP/1.1" 200 1097
INFO 2025-10-01 11:29:55,139 basehttp 9927 140430054254336 "GET /static/admin/img/tooltag-add.svg HTTP/1.1" 200 331
